=== withSourceTimestamp
filter:
origin=string:"supervised"
protocolSourceConnectionNumber=float64:3
protocolSourceObjectAddress=string:"ns=2;i=7"
sourceDataUpdate:
asduAtSource=string:"Double"
blockedAtSource=bool:false
causeOfTransmissionAtSource=string:"3"
invalidAtSource=bool:false
notTopicalAtSource=bool:false
overflowAtSource=bool:false
substitutedAtSource=bool:false
timeTag=bson.DateTime:"2026-03-04T05:06:08.08Z"
timeTagAtSource=bson.DateTime:"2026-03-04T05:06:07.08Z"
timeTagAtSourceOk=bool:true
valueAtSource=float64:1.5
valueBsonAtSource=float64:1.5
valueJsonAtSource=string:"1.5"
valueStringAtSource=string:"1.5"

=== noSourceTimestamp
filter:
origin=string:"supervised"
protocolSourceConnectionNumber=float64:3
protocolSourceObjectAddress=string:"ns=2;i=7"
sourceDataUpdate:
asduAtSource=string:"Double"
blockedAtSource=bool:false
causeOfTransmissionAtSource=string:"3"
invalidAtSource=bool:false
notTopicalAtSource=bool:false
overflowAtSource=bool:false
substitutedAtSource=bool:false
timeTag=bson.DateTime:"2026-03-04T05:06:08.08Z"
timeTagAtSource=<nil>:null
timeTagAtSourceOk=bool:false
valueAtSource=float64:1.5
valueBsonAtSource=float64:1.5
valueJsonAtSource=string:"1.5"
valueStringAtSource=string:"1.5"

=== badQuality
filter:
origin=string:"supervised"
protocolSourceConnectionNumber=float64:3
protocolSourceObjectAddress=string:"ns=2;i=7"
sourceDataUpdate:
asduAtSource=string:"Double"
blockedAtSource=bool:false
causeOfTransmissionAtSource=string:"3"
invalidAtSource=bool:true
notTopicalAtSource=bool:false
overflowAtSource=bool:false
substitutedAtSource=bool:false
timeTag=bson.DateTime:"2026-03-04T05:06:08.08Z"
timeTagAtSource=bson.DateTime:"2026-03-04T05:06:07.08Z"
timeTagAtSourceOk=bool:true
valueAtSource=float64:1.5
valueBsonAtSource=float64:1.5
valueJsonAtSource=string:"1.5"
valueStringAtSource=string:"1.5"

=== emptyValueJSON
filter:
origin=string:"supervised"
protocolSourceConnectionNumber=float64:3
protocolSourceObjectAddress=string:"ns=2;i=7"
sourceDataUpdate:
asduAtSource=string:"Double"
blockedAtSource=bool:false
causeOfTransmissionAtSource=string:"3"
invalidAtSource=bool:false
notTopicalAtSource=bool:false
overflowAtSource=bool:false
substitutedAtSource=bool:false
timeTag=bson.DateTime:"2026-03-04T05:06:08.08Z"
timeTagAtSource=bson.DateTime:"2026-03-04T05:06:07.08Z"
timeTagAtSourceOk=bool:true
valueAtSource=float64:1.5
valueBsonAtSource=<nil>:null
valueJsonAtSource=string:""
valueStringAtSource=string:"1.5"

