=== analogSupervised
_id=float64:2000001
alarmDisabled=bool:false
alarmState=float64:-1
alarmed=bool:false
alertState=string:""
alerted=bool:false
annotation=string:""
commandBlocked=bool:false
commandOfSupervised=float64:0
commissioningRemarks=string:""
description=string:"CONN~Analog Input~11"
eventTextFalse=string:""
eventTextTrue=string:""
formula=float64:0
frozen=bool:false
frozenDetectTimeout=float64:0
group1=string:"CONN"
group2=string:"Analog Input"
group3=string:""
hiLimit=float64:+MAXFLOAT
hihiLimit=float64:+MAXFLOAT
hihihiLimit=float64:+MAXFLOAT
historianDeadBand=float64:0
historianPeriod=float64:0
hysteresis=float64:0
invalid=bool:true
invalidDetectTimeout=float64:60000
isEvent=bool:false
kconv1=float64:1
kconv2=float64:0
loLimit=float64:-MAXFLOAT
location=<nil>:null
loloLimit=float64:-MAXFLOAT
lololoLimit=float64:-MAXFLOAT
notes=string:""
origin=string:"supervised"
overflow=bool:false
parcels=<nil>:null
priority=float64:0
protocolDestinations=bson.A:[]
protocolSourceASDU=float64:30
protocolSourceCommandDuration=float64:0
protocolSourceCommandUseSBO=bool:false
protocolSourceCommonAddress=float64:30
protocolSourceConnectionNumber=float64:2
protocolSourceObjectAddress=float64:11
sourceDataUpdate=<nil>:null
stateTextFalse=string:""
stateTextTrue=string:""
substituted=bool:false
supervisedOfCommand=float64:0
tag=string:"CONN;30;11"
timeTag=<nil>:null
timeTagAlarm=<nil>:null
timeTagAtSource=<nil>:null
timeTagAtSourceOk=bool:false
transient=bool:false
type=string:"analog"
ungroupedDescription=string:"Analog Input 11"
unit=string:""
updatesCnt=float64:0
value=float64:12.5
valueDefault=float64:0
valueString=string:"12.5"
zeroDeadband=float64:0

=== digitalSupervised
_id=float64:2000002
alarmDisabled=bool:false
alarmState=float64:2
alarmed=bool:false
alertState=string:""
alerted=bool:false
annotation=string:""
commandBlocked=bool:false
commandOfSupervised=float64:0
commissioningRemarks=string:""
description=string:"CONN~Binary Input~11"
eventTextFalse=string:"FALSE"
eventTextTrue=string:"TRUE"
formula=float64:0
frozen=bool:false
frozenDetectTimeout=float64:0
group1=string:"CONN"
group2=string:"Binary Input"
group3=string:""
hiLimit=float64:+MAXFLOAT
hihiLimit=float64:+MAXFLOAT
hihihiLimit=float64:+MAXFLOAT
historianDeadBand=float64:0
historianPeriod=float64:0
hysteresis=float64:0
invalid=bool:true
invalidDetectTimeout=float64:60000
isEvent=bool:false
kconv1=float64:1
kconv2=float64:0
loLimit=float64:-MAXFLOAT
location=<nil>:null
loloLimit=float64:-MAXFLOAT
lololoLimit=float64:-MAXFLOAT
notes=string:""
origin=string:"supervised"
overflow=bool:false
parcels=<nil>:null
priority=float64:0
protocolDestinations=bson.A:[]
protocolSourceASDU=float64:1
protocolSourceCommandDuration=float64:0
protocolSourceCommandUseSBO=bool:false
protocolSourceCommonAddress=float64:1
protocolSourceConnectionNumber=float64:2
protocolSourceObjectAddress=float64:11
sourceDataUpdate=<nil>:null
stateTextFalse=string:"FALSE"
stateTextTrue=string:"TRUE"
substituted=bool:false
supervisedOfCommand=float64:0
tag=string:"CONN;1;11"
timeTag=<nil>:null
timeTagAlarm=<nil>:null
timeTagAtSource=<nil>:null
timeTagAtSourceOk=bool:false
transient=bool:false
type=string:"digital"
ungroupedDescription=string:"Binary Input 11"
unit=string:""
updatesCnt=float64:0
value=float64:1
valueDefault=float64:0
valueString=string:"12.5"
zeroDeadband=float64:0

=== analogCommand
_id=float64:2000003
alarmDisabled=bool:false
alarmState=float64:-1
alarmed=bool:false
alertState=string:""
alerted=bool:false
annotation=string:""
commandBlocked=bool:false
commandOfSupervised=float64:0
commissioningRemarks=string:""
description=string:"CONN~Analog Output Command~11-Command"
eventTextFalse=string:""
eventTextTrue=string:""
formula=float64:0
frozen=bool:false
frozenDetectTimeout=float64:0
group1=string:"CONN"
group2=string:"Analog Output Command"
group3=string:""
hiLimit=float64:+MAXFLOAT
hihiLimit=float64:+MAXFLOAT
hihihiLimit=float64:+MAXFLOAT
historianDeadBand=float64:0
historianPeriod=float64:0
hysteresis=float64:0
invalid=bool:true
invalidDetectTimeout=float64:60000
isEvent=bool:false
kconv1=float64:1
kconv2=float64:0
loLimit=float64:-MAXFLOAT
location=<nil>:null
loloLimit=float64:-MAXFLOAT
lololoLimit=float64:-MAXFLOAT
notes=string:""
origin=string:"command"
overflow=bool:false
parcels=<nil>:null
priority=float64:0
protocolDestinations=bson.A:[]
protocolSourceASDU=float64:3
protocolSourceCommandDuration=float64:0
protocolSourceCommandUseSBO=bool:false
protocolSourceCommonAddress=float64:41
protocolSourceConnectionNumber=float64:2
protocolSourceObjectAddress=float64:11
sourceDataUpdate=<nil>:null
stateTextFalse=string:""
stateTextTrue=string:""
substituted=bool:false
supervisedOfCommand=float64:2000004
tag=string:"CONN;41;11"
timeTag=<nil>:null
timeTagAlarm=<nil>:null
timeTagAtSource=<nil>:null
timeTagAtSourceOk=bool:false
transient=bool:false
type=string:"analog"
ungroupedDescription=string:"Analog Output Command 11"
unit=string:""
updatesCnt=float64:0
value=float64:0
valueDefault=float64:0
valueString=string:""
zeroDeadband=float64:0

=== digitalCommand
_id=float64:2000005
alarmDisabled=bool:false
alarmState=float64:2
alarmed=bool:false
alertState=string:""
alerted=bool:false
annotation=string:""
commandBlocked=bool:false
commandOfSupervised=float64:0
commissioningRemarks=string:""
description=string:"CONN~CROB Command~11-Command"
eventTextFalse=string:"FALSE"
eventTextTrue=string:"TRUE"
formula=float64:0
frozen=bool:false
frozenDetectTimeout=float64:0
group1=string:"CONN"
group2=string:"CROB Command"
group3=string:""
hiLimit=float64:+MAXFLOAT
hihiLimit=float64:+MAXFLOAT
hihihiLimit=float64:+MAXFLOAT
historianDeadBand=float64:0
historianPeriod=float64:0
hysteresis=float64:0
invalid=bool:true
invalidDetectTimeout=float64:60000
isEvent=bool:false
kconv1=float64:1
kconv2=float64:0
loLimit=float64:-MAXFLOAT
location=<nil>:null
loloLimit=float64:-MAXFLOAT
lololoLimit=float64:-MAXFLOAT
notes=string:""
origin=string:"command"
overflow=bool:false
parcels=<nil>:null
priority=float64:0
protocolDestinations=bson.A:[]
protocolSourceASDU=float64:1
protocolSourceCommandDuration=float64:3
protocolSourceCommandUseSBO=bool:false
protocolSourceCommonAddress=float64:12
protocolSourceConnectionNumber=float64:2
protocolSourceObjectAddress=float64:11
sourceDataUpdate=<nil>:null
stateTextFalse=string:"FALSE"
stateTextTrue=string:"TRUE"
substituted=bool:false
supervisedOfCommand=float64:2000006
tag=string:"CONN;12;11"
timeTag=<nil>:null
timeTagAlarm=<nil>:null
timeTagAtSource=<nil>:null
timeTagAtSourceOk=bool:false
transient=bool:false
type=string:"digital"
ungroupedDescription=string:"CROB Command 11"
unit=string:""
updatesCnt=float64:0
value=float64:0
valueDefault=float64:0
valueString=string:""
zeroDeadband=float64:0

