=== supervisedAnalog
_id=float64:4000001
alarmDisabled=bool:false
alarmState=float64:-1
alarmed=bool:false
alertState=string:""
alerted=bool:false
annotation=string:""
commandBlocked=bool:false
commandOfSupervised=float64:0
commissioningRemarks=string:""
description=string:"IEC61850~CONN~Phase A current"
eventTextFalse=string:""
eventTextTrue=string:""
formula=float64:0
frozen=bool:false
frozenDetectTimeout=float64:0
group1=string:"IEC61850"
group2=string:"CONN"
group3=string:"mx"
hiLimit=float64:+MAXFLOAT
hihiLimit=float64:+MAXFLOAT
hihihiLimit=float64:+MAXFLOAT
historianDeadBand=float64:0
historianPeriod=float64:0
hysteresis=float64:0
invalid=bool:true
invalidDetectTimeout=float64:60000
isEvent=bool:false
kconv1=float64:1
kconv2=float64:0
loLimit=float64:-MAXFLOAT
location=<nil>:null
loloLimit=float64:-MAXFLOAT
lololoLimit=float64:-MAXFLOAT
notes=string:""
origin=string:"supervised"
overflow=bool:false
parcels=<nil>:null
priority=float64:0
protocolDestinations=<nil>:null
protocolSourceASDU=string:"float32"
protocolSourceCommandDuration=float64:0
protocolSourceCommandUseSBO=bool:false
protocolSourceCommonAddress=string:"MX"
protocolSourceConnectionNumber=float64:4
protocolSourceObjectAddress=string:"IED1/MMXU1.A.phsA.cVal.mag.f"
sourceDataUpdate=<nil>:null
stateTextFalse=string:""
stateTextTrue=string:""
substituted=bool:false
supervisedOfCommand=float64:0
tag=string:"IEC61850;CONN;IED1/MMXU1.A.phsA.cVal.mag.f[mx]"
timeTag=<nil>:null
timeTagAlarm=<nil>:null
timeTagAtSource=<nil>:null
timeTagAtSourceOk=bool:false
transient=bool:false
type=string:"analog"
ungroupedDescription=string:"Phase A current"
unit=string:""
updatesCnt=float64:0
value=float64:12.5
valueDefault=float64:0
valueString=string:"????"
zeroDeadband=float64:0

=== supervisedDigital
_id=float64:4000002
alarmDisabled=bool:false
alarmState=float64:2
alarmed=bool:false
alertState=string:""
alerted=bool:false
annotation=string:""
commandBlocked=bool:false
commandOfSupervised=float64:0
commissioningRemarks=string:""
description=string:"IEC61850~CONN~Phase A current"
eventTextFalse=string:"FALSE"
eventTextTrue=string:"TRUE"
formula=float64:0
frozen=bool:false
frozenDetectTimeout=float64:0
group1=string:"IEC61850"
group2=string:"CONN"
group3=string:"mx"
hiLimit=float64:+MAXFLOAT
hihiLimit=float64:+MAXFLOAT
hihihiLimit=float64:+MAXFLOAT
historianDeadBand=float64:0
historianPeriod=float64:0
hysteresis=float64:0
invalid=bool:true
invalidDetectTimeout=float64:60000
isEvent=bool:false
kconv1=float64:1
kconv2=float64:0
loLimit=float64:-MAXFLOAT
location=<nil>:null
loloLimit=float64:-MAXFLOAT
lololoLimit=float64:-MAXFLOAT
notes=string:""
origin=string:"supervised"
overflow=bool:false
parcels=<nil>:null
priority=float64:0
protocolDestinations=<nil>:null
protocolSourceASDU=string:"boolean"
protocolSourceCommandDuration=float64:0
protocolSourceCommandUseSBO=bool:false
protocolSourceCommonAddress=string:"MX"
protocolSourceConnectionNumber=float64:4
protocolSourceObjectAddress=string:"IED1/MMXU1.A.phsA.cVal.mag.f"
sourceDataUpdate=<nil>:null
stateTextFalse=string:"FALSE"
stateTextTrue=string:"TRUE"
substituted=bool:false
supervisedOfCommand=float64:0
tag=string:"IEC61850;CONN;IED1/MMXU1.A.phsA.cVal.mag.f[mx]"
timeTag=<nil>:null
timeTagAlarm=<nil>:null
timeTagAtSource=<nil>:null
timeTagAtSourceOk=bool:false
transient=bool:false
type=string:"digital"
ungroupedDescription=string:"Phase A current"
unit=string:""
updatesCnt=float64:0
value=float64:12.5
valueDefault=float64:0
valueString=string:"????"
zeroDeadband=float64:0

=== commandAnalog
_id=float64:4000003
alarmDisabled=bool:false
alarmState=float64:-1
alarmed=bool:false
alertState=string:""
alerted=bool:false
annotation=string:""
commandBlocked=bool:false
commandOfSupervised=float64:0
commissioningRemarks=string:""
description=string:"IEC61850~CONN~IED1/CSWI1.Pos command"
eventTextFalse=string:""
eventTextTrue=string:""
formula=float64:0
frozen=bool:false
frozenDetectTimeout=float64:0
group1=string:"IEC61850"
group2=string:"CONN"
group3=string:"CO"
hiLimit=float64:+MAXFLOAT
hihiLimit=float64:+MAXFLOAT
hihihiLimit=float64:+MAXFLOAT
historianDeadBand=float64:0
historianPeriod=float64:0
hysteresis=float64:0
invalid=bool:false
invalidDetectTimeout=float64:0
isEvent=bool:false
kconv1=float64:1
kconv2=float64:0
loLimit=float64:-MAXFLOAT
location=<nil>:null
loloLimit=float64:-MAXFLOAT
lololoLimit=float64:-MAXFLOAT
notes=string:""
origin=string:"command"
overflow=bool:false
parcels=<nil>:null
priority=float64:0
protocolDestinations=<nil>:null
protocolSourceASDU=string:"int32"
protocolSourceCommandDuration=float64:0
protocolSourceCommandUseSBO=bool:true
protocolSourceCommonAddress=string:"CO"
protocolSourceConnectionNumber=float64:4
protocolSourceObjectAddress=string:"IED1/CSWI1.Pos"
sourceDataUpdate=<nil>:null
stateTextFalse=string:""
stateTextTrue=string:""
substituted=bool:false
supervisedOfCommand=float64:0
tag=string:"IEC61850;CONN;IED1/CSWI1.Pos[CO]"
timeTag=<nil>:null
timeTagAlarm=<nil>:null
timeTagAtSource=<nil>:null
timeTagAtSourceOk=bool:false
transient=bool:false
type=string:"analog"
ungroupedDescription=string:"IED1/CSWI1.Pos command"
unit=string:""
updatesCnt=float64:0
value=float64:0
valueDefault=float64:0
valueString=string:""
zeroDeadband=float64:0

=== commandDigital
_id=float64:4000004
alarmDisabled=bool:false
alarmState=float64:-1
alarmed=bool:false
alertState=string:""
alerted=bool:false
annotation=string:""
commandBlocked=bool:false
commandOfSupervised=float64:0
commissioningRemarks=string:""
description=string:"IEC61850~CONN~IED1/CSWI1.Pos command"
eventTextFalse=string:"FALSE"
eventTextTrue=string:"TRUE"
formula=float64:0
frozen=bool:false
frozenDetectTimeout=float64:0
group1=string:"IEC61850"
group2=string:"CONN"
group3=string:"CO"
hiLimit=float64:+MAXFLOAT
hihiLimit=float64:+MAXFLOAT
hihihiLimit=float64:+MAXFLOAT
historianDeadBand=float64:0
historianPeriod=float64:0
hysteresis=float64:0
invalid=bool:false
invalidDetectTimeout=float64:0
isEvent=bool:false
kconv1=float64:1
kconv2=float64:0
loLimit=float64:-MAXFLOAT
location=<nil>:null
loloLimit=float64:-MAXFLOAT
lololoLimit=float64:-MAXFLOAT
notes=string:""
origin=string:"command"
overflow=bool:false
parcels=<nil>:null
priority=float64:0
protocolDestinations=<nil>:null
protocolSourceASDU=string:"boolean"
protocolSourceCommandDuration=float64:0
protocolSourceCommandUseSBO=bool:true
protocolSourceCommonAddress=string:"CO"
protocolSourceConnectionNumber=float64:4
protocolSourceObjectAddress=string:"IED1/CSWI1.Pos"
sourceDataUpdate=<nil>:null
stateTextFalse=string:"FALSE"
stateTextTrue=string:"TRUE"
substituted=bool:false
supervisedOfCommand=float64:4000002
tag=string:"IEC61850;CONN;IED1/CSWI1.Pos[CO]"
timeTag=<nil>:null
timeTagAlarm=<nil>:null
timeTagAtSource=<nil>:null
timeTagAtSourceOk=bool:false
transient=bool:false
type=string:"digital"
ungroupedDescription=string:"IED1/CSWI1.Pos command"
unit=string:""
updatesCnt=float64:0
value=float64:0
valueDefault=float64:0
valueString=string:""
zeroDeadband=float64:0

